// Jest Snapshot v1, https://goo.gl/fbAQLP

exports[`reservation should match the snapshot 1`] = `
<div
  className="reservation"
>
  <h2>
    Kimberly
  </h2>
  <p>
    10/25
  </p>
  <p>
    8:00
     pm
  </p>
  <p>
    Number of Guests: 
    6
  </p>
  <button
    id={123}
    onClick={[MockFunction]}
    type="button"
  >
    Cancel
  </button>
</div>
`;
